Copyright 1986-2017 Xilinx, Inc. All Rights Reserved.
---------------------------------------------------------------------------------------------------------------------------------------
| Tool Version : Vivado v.2017.2 (win64) Build 1909853 Thu Jun 15 18:39:09 MDT 2017
| Date         : Sat Apr 21 21:47:44 2018
| Host         : ECTET-1360-03 running 64-bit major release  (build 9200)
| Command      : report_methodology -file design_1_wrapper_methodology_drc_routed.rpt -rpx design_1_wrapper_methodology_drc_routed.rpx
| Design       : design_1_wrapper
| Device       : xc7z010clg400-1
| Speed File   : -1
| Design State : Routed
---------------------------------------------------------------------------------------------------------------------------------------

Report Methodology

Table of Contents
-----------------
1. REPORT SUMMARY
2. REPORT DETAILS

1. REPORT SUMMARY
-----------------
            Netlist: netlist
          Floorplan: design_1
      Design limits: <entire design considered>
             Max violations: <unlimited>
             Violations found: 39
+-----------+----------+-------------------------------+------------+
| Rule      | Severity | Description                   | Violations |
+-----------+----------+-------------------------------+------------+
| TIMING-18 | Warning  | Missing input or output delay | 23         |
| TIMING-20 | Warning  | Non-clocked latch             | 16         |
+-----------+----------+-------------------------------+------------+

2. REPORT DETAILS
-----------------
TIMING-18#1 Warning
Missing input or output delay  
An input delay is missing on ENC_A relative to clock(s) clk_fpga_0 
Related violations: <none>

TIMING-18#2 Warning
Missing input or output delay  
An input delay is missing on ENC_B relative to clock(s) clk_fpga_0 
Related violations: <none>

TIMING-18#3 Warning
Missing input or output delay  
An input delay is missing on ENC_C relative to clock(s) clk_fpga_0 
Related violations: <none>

TIMING-18#4 Warning
Missing input or output delay  
An input delay is missing on ENC_D relative to clock(s) clk_fpga_0 
Related violations: <none>

TIMING-18#5 Warning
Missing input or output delay  
An input delay is missing on echo_pulse_a relative to clock(s) clk_fpga_0 
Related violations: <none>

TIMING-18#6 Warning
Missing input or output delay  
An input delay is missing on echo_pulse_b relative to clock(s) clk_fpga_0 
Related violations: <none>

TIMING-18#7 Warning
Missing input or output delay  
An input delay is missing on echo_pulse_c relative to clock(s) clk_fpga_0 
Related violations: <none>

TIMING-18#8 Warning
Missing input or output delay  
An input delay is missing on mpu9250_2_scl_io relative to clock(s) clk_fpga_0 
Related violations: <none>

TIMING-18#9 Warning
Missing input or output delay  
An input delay is missing on mpu9250_2_sda_io relative to clock(s) clk_fpga_0 
Related violations: <none>

TIMING-18#10 Warning
Missing input or output delay  
An output delay is missing on LED1 relative to clock(s) clk_fpga_0 
Related violations: <none>

TIMING-18#11 Warning
Missing input or output delay  
An output delay is missing on LED2 relative to clock(s) clk_fpga_0 
Related violations: <none>

TIMING-18#12 Warning
Missing input or output delay  
An output delay is missing on LED3 relative to clock(s) clk_fpga_0 
Related violations: <none>

TIMING-18#13 Warning
Missing input or output delay  
An output delay is missing on M1_IN1 relative to clock(s) clk_fpga_0 
Related violations: <none>

TIMING-18#14 Warning
Missing input or output delay  
An output delay is missing on M1_IN2 relative to clock(s) clk_fpga_0 
Related violations: <none>

TIMING-18#15 Warning
Missing input or output delay  
An output delay is missing on M2_IN1 relative to clock(s) clk_fpga_0 
Related violations: <none>

TIMING-18#16 Warning
Missing input or output delay  
An output delay is missing on M2_IN2 relative to clock(s) clk_fpga_0 
Related violations: <none>

TIMING-18#17 Warning
Missing input or output delay  
An output delay is missing on M3_IN1 relative to clock(s) clk_fpga_0 
Related violations: <none>

TIMING-18#18 Warning
Missing input or output delay  
An output delay is missing on M3_IN2 relative to clock(s) clk_fpga_0 
Related violations: <none>

TIMING-18#19 Warning
Missing input or output delay  
An output delay is missing on M4_IN1 relative to clock(s) clk_fpga_0 
Related violations: <none>

TIMING-18#20 Warning
Missing input or output delay  
An output delay is missing on M4_IN2 relative to clock(s) clk_fpga_0 
Related violations: <none>

TIMING-18#21 Warning
Missing input or output delay  
An output delay is missing on trigger_pulse_a relative to clock(s) clk_fpga_0 
Related violations: <none>

TIMING-18#22 Warning
Missing input or output delay  
An output delay is missing on trigger_pulse_b relative to clock(s) clk_fpga_0 
Related violations: <none>

TIMING-18#23 Warning
Missing input or output delay  
An output delay is missing on trigger_pulse_c relative to clock(s) clk_fpga_0 
Related violations: <none>

TIMING-20#1 Warning
Non-clocked latch  
The latch design_1_i/imu_wrapper_0/U0/imu_blackbox_i/imu_blackbox_i/sensor_interface_v1_0_0/inst/sensor_control_inst/mm_rdata_reg[0] cannot be properly analyzed as its control pin design_1_i/imu_wrapper_0/U0/imu_blackbox_i/imu_blackbox_i/sensor_interface_v1_0_0/inst/sensor_control_inst/mm_rdata_reg[0]/G is not reached by a timing clock
Related violations: <none>

TIMING-20#2 Warning
Non-clocked latch  
The latch design_1_i/imu_wrapper_0/U0/imu_blackbox_i/imu_blackbox_i/sensor_interface_v1_0_0/inst/sensor_control_inst/mm_rdata_reg[10] cannot be properly analyzed as its control pin design_1_i/imu_wrapper_0/U0/imu_blackbox_i/imu_blackbox_i/sensor_interface_v1_0_0/inst/sensor_control_inst/mm_rdata_reg[10]/G is not reached by a timing clock
Related violations: <none>

TIMING-20#3 Warning
Non-clocked latch  
The latch design_1_i/imu_wrapper_0/U0/imu_blackbox_i/imu_blackbox_i/sensor_interface_v1_0_0/inst/sensor_control_inst/mm_rdata_reg[11] cannot be properly analyzed as its control pin design_1_i/imu_wrapper_0/U0/imu_blackbox_i/imu_blackbox_i/sensor_interface_v1_0_0/inst/sensor_control_inst/mm_rdata_reg[11]/G is not reached by a timing clock
Related violations: <none>

TIMING-20#4 Warning
Non-clocked latch  
The latch design_1_i/imu_wrapper_0/U0/imu_blackbox_i/imu_blackbox_i/sensor_interface_v1_0_0/inst/sensor_control_inst/mm_rdata_reg[12] cannot be properly analyzed as its control pin design_1_i/imu_wrapper_0/U0/imu_blackbox_i/imu_blackbox_i/sensor_interface_v1_0_0/inst/sensor_control_inst/mm_rdata_reg[12]/G is not reached by a timing clock
Related violations: <none>

TIMING-20#5 Warning
Non-clocked latch  
The latch design_1_i/imu_wrapper_0/U0/imu_blackbox_i/imu_blackbox_i/sensor_interface_v1_0_0/inst/sensor_control_inst/mm_rdata_reg[13] cannot be properly analyzed as its control pin design_1_i/imu_wrapper_0/U0/imu_blackbox_i/imu_blackbox_i/sensor_interface_v1_0_0/inst/sensor_control_inst/mm_rdata_reg[13]/G is not reached by a timing clock
Related violations: <none>

TIMING-20#6 Warning
Non-clocked latch  
The latch design_1_i/imu_wrapper_0/U0/imu_blackbox_i/imu_blackbox_i/sensor_interface_v1_0_0/inst/sensor_control_inst/mm_rdata_reg[14] cannot be properly analyzed as its control pin design_1_i/imu_wrapper_0/U0/imu_blackbox_i/imu_blackbox_i/sensor_interface_v1_0_0/inst/sensor_control_inst/mm_rdata_reg[14]/G is not reached by a timing clock
Related violations: <none>

TIMING-20#7 Warning
Non-clocked latch  
The latch design_1_i/imu_wrapper_0/U0/imu_blackbox_i/imu_blackbox_i/sensor_interface_v1_0_0/inst/sensor_control_inst/mm_rdata_reg[15] cannot be properly analyzed as its control pin design_1_i/imu_wrapper_0/U0/imu_blackbox_i/imu_blackbox_i/sensor_interface_v1_0_0/inst/sensor_control_inst/mm_rdata_reg[15]/G is not reached by a timing clock
Related violations: <none>

TIMING-20#8 Warning
Non-clocked latch  
The latch design_1_i/imu_wrapper_0/U0/imu_blackbox_i/imu_blackbox_i/sensor_interface_v1_0_0/inst/sensor_control_inst/mm_rdata_reg[1] cannot be properly analyzed as its control pin design_1_i/imu_wrapper_0/U0/imu_blackbox_i/imu_blackbox_i/sensor_interface_v1_0_0/inst/sensor_control_inst/mm_rdata_reg[1]/G is not reached by a timing clock
Related violations: <none>

TIMING-20#9 Warning
Non-clocked latch  
The latch design_1_i/imu_wrapper_0/U0/imu_blackbox_i/imu_blackbox_i/sensor_interface_v1_0_0/inst/sensor_control_inst/mm_rdata_reg[2] cannot be properly analyzed as its control pin design_1_i/imu_wrapper_0/U0/imu_blackbox_i/imu_blackbox_i/sensor_interface_v1_0_0/inst/sensor_control_inst/mm_rdata_reg[2]/G is not reached by a timing clock
Related violations: <none>

TIMING-20#10 Warning
Non-clocked latch  
The latch design_1_i/imu_wrapper_0/U0/imu_blackbox_i/imu_blackbox_i/sensor_interface_v1_0_0/inst/sensor_control_inst/mm_rdata_reg[3] cannot be properly analyzed as its control pin design_1_i/imu_wrapper_0/U0/imu_blackbox_i/imu_blackbox_i/sensor_interface_v1_0_0/inst/sensor_control_inst/mm_rdata_reg[3]/G is not reached by a timing clock
Related violations: <none>

TIMING-20#11 Warning
Non-clocked latch  
The latch design_1_i/imu_wrapper_0/U0/imu_blackbox_i/imu_blackbox_i/sensor_interface_v1_0_0/inst/sensor_control_inst/mm_rdata_reg[4] cannot be properly analyzed as its control pin design_1_i/imu_wrapper_0/U0/imu_blackbox_i/imu_blackbox_i/sensor_interface_v1_0_0/inst/sensor_control_inst/mm_rdata_reg[4]/G is not reached by a timing clock
Related violations: <none>

TIMING-20#12 Warning
Non-clocked latch  
The latch design_1_i/imu_wrapper_0/U0/imu_blackbox_i/imu_blackbox_i/sensor_interface_v1_0_0/inst/sensor_control_inst/mm_rdata_reg[5] cannot be properly analyzed as its control pin design_1_i/imu_wrapper_0/U0/imu_blackbox_i/imu_blackbox_i/sensor_interface_v1_0_0/inst/sensor_control_inst/mm_rdata_reg[5]/G is not reached by a timing clock
Related violations: <none>

TIMING-20#13 Warning
Non-clocked latch  
The latch design_1_i/imu_wrapper_0/U0/imu_blackbox_i/imu_blackbox_i/sensor_interface_v1_0_0/inst/sensor_control_inst/mm_rdata_reg[6] cannot be properly analyzed as its control pin design_1_i/imu_wrapper_0/U0/imu_blackbox_i/imu_blackbox_i/sensor_interface_v1_0_0/inst/sensor_control_inst/mm_rdata_reg[6]/G is not reached by a timing clock
Related violations: <none>

TIMING-20#14 Warning
Non-clocked latch  
The latch design_1_i/imu_wrapper_0/U0/imu_blackbox_i/imu_blackbox_i/sensor_interface_v1_0_0/inst/sensor_control_inst/mm_rdata_reg[7] cannot be properly analyzed as its control pin design_1_i/imu_wrapper_0/U0/imu_blackbox_i/imu_blackbox_i/sensor_interface_v1_0_0/inst/sensor_control_inst/mm_rdata_reg[7]/G is not reached by a timing clock
Related violations: <none>

TIMING-20#15 Warning
Non-clocked latch  
The latch design_1_i/imu_wrapper_0/U0/imu_blackbox_i/imu_blackbox_i/sensor_interface_v1_0_0/inst/sensor_control_inst/mm_rdata_reg[8] cannot be properly analyzed as its control pin design_1_i/imu_wrapper_0/U0/imu_blackbox_i/imu_blackbox_i/sensor_interface_v1_0_0/inst/sensor_control_inst/mm_rdata_reg[8]/G is not reached by a timing clock
Related violations: <none>

TIMING-20#16 Warning
Non-clocked latch  
The latch design_1_i/imu_wrapper_0/U0/imu_blackbox_i/imu_blackbox_i/sensor_interface_v1_0_0/inst/sensor_control_inst/mm_rdata_reg[9] cannot be properly analyzed as its control pin design_1_i/imu_wrapper_0/U0/imu_blackbox_i/imu_blackbox_i/sensor_interface_v1_0_0/inst/sensor_control_inst/mm_rdata_reg[9]/G is not reached by a timing clock
Related violations: <none>


