#-----------------------------------------------------------
# Vivado v2017.2 (64-bit)
# SW Build 1909853 on Thu Jun 15 18:39:09 MDT 2017
# IP Build 1909766 on Thu Jun 15 19:58:00 MDT 2017
# Start of session at: Thu Apr 19 21:42:22 2018
# Process ID: 14712
# Current directory: C:/Users/zdw7287/Downloads/4-19-18/project
# Command line: vivado.exe -gui_launcher_event rodinguilauncherevent5152 C:\Users\zdw7287\Downloads\4-19-18\project\newfolder_sys.xpr
# Log file: C:/Users/zdw7287/Downloads/4-19-18/project/vivado.log
# Journal file: C:/Users/zdw7287/Downloads/4-19-18/project\vivado.jou
#-----------------------------------------------------------
start_gui
open_project C:/Users/zdw7287/Downloads/4-19-18/project/newfolder_sys.xpr
update_compile_order -fileset sources_1
open_bd_design {C:/Users/zdw7287/Downloads/4-19-18/src/design_1.bd}
delete_bd_objs [get_bd_nets rst_ps7_0_50M_peripheral_reset]
connect_bd_net [get_bd_pins echo_pulse_measurer_0/reset_n_i] [get_bd_pins rst_ps7_0_50M/peripheral_aresetn]
connect_bd_net [get_bd_pins echo_pulse_measurer_2/reset_n_i] [get_bd_pins rst_ps7_0_50M/peripheral_aresetn]
connect_bd_net [get_bd_pins echo_pulse_measurer_1/reset_n_i] [get_bd_pins rst_ps7_0_50M/peripheral_aresetn]
save_bd_design
report_ip_status -name ip_status 
