#-----------------------------------------------------------
# Vivado v2017.2 (64-bit)
# SW Build 1909853 on Thu Jun 15 18:39:09 MDT 2017
# IP Build 1909766 on Thu Jun 15 19:58:00 MDT 2017
# Start of session at: Tue Apr 10 18:29:49 2018
# Process ID: 6304
# Current directory: C:/Users/zdw7287/Downloads/rover-dev/firmware/baseline/project
# Command line: vivado.exe -gui_launcher_event rodinguilauncherevent1988 C:\Users\zdw7287\Downloads\rover-dev\firmware\baseline\project\baseline.xpr
# Log file: C:/Users/zdw7287/Downloads/rover-dev/firmware/baseline/project/vivado.log
# Journal file: C:/Users/zdw7287/Downloads/rover-dev/firmware/baseline/project\vivado.jou
#-----------------------------------------------------------
start_gui
open_project C:/Users/zdw7287/Downloads/rover-dev/firmware/baseline/project/baseline.xpr
update_compile_order -fileset sources_1
open_bd_design {C:/Users/zdw7287/Downloads/rover-dev/firmware/baseline/src/design_1.bd}
ipx::edit_ip_in_project -upgrade true -name imu_wrapper_v1_0_project -directory C:/Users/zdw7287/Downloads/rover-dev/firmware/baseline/project/baseline.tmp/imu_wrapper_v1_0_project c:/Users/zdw7287/Downloads/rover-dev/firmware/baseline/ip/imu_wrapper/component.xml
update_compile_order -fileset sources_1
current_project baseline
ipx::edit_ip_in_project -upgrade true -name receiver_wrapper_v1_0_project -directory C:/Users/zdw7287/Downloads/rover-dev/firmware/baseline/project/baseline.tmp/receiver_wrapper_v1_0_project c:/Users/zdw7287/Downloads/rover-dev/firmware/baseline/ip/receiver_wrapper/component.xml
update_compile_order -fileset sources_1
close_project
current_project baseline
undo
current_project baseline
undo
current_project baseline
undo
current_project baseline
undo
current_project baseline
undo
current_project baseline
undo
current_project baseline
undo
current_project baseline
undo
current_project baseline
undo
current_project baseline
undo
current_project baseline
undo
current_project baseline
undo
current_project baseline
current_project imu_wrapper_v1_0_project
current_project baseline
close_project
